[SYSTEM REPORT] Old World static build failure diagnostic
source_sha=9969228b62735e038fdb85a98587d2e92d159694

=== Compile Old World Python entrypoints ===
=== Rebuild package registries safely ===
Built Old World registries and 64-site narrative wave.
Built Old World package registries with 64 static structure mappings, 64 staged site surveys, and canonical proof-registry separation.
=== Generate authoritative Old World structures ===
Generated 64 static Old World sites; controlled worldgen target(s): OWS-006.
=== Render static review views ===
Rendered 64 structures with four review views each; manifest tracks 64
=== Synchronize render-aware implementation state ===
=== Validate Old World static contracts ===
Traceback (most recent call last):
  File "/home/runner/work/Infinite-Domain/Infinite-Domain/scripts/validate_old_world_narrative.py", line 319, in <module>
    main()
  File "/home/runner/work/Infinite-Domain/Infinite-Domain/scripts/validate_old_world_narrative.py", line 141, in main
    require([entry["target_id"] for entry in catalog_sites] == expected_targets, "prepared quest catalog target order is unstable")
  File "/home/runner/work/Infinite-Domain/Infinite-Domain/scripts/validate_old_world_narrative.py", line 60, in require
    raise ValueError(message)
ValueError: prepared quest catalog target order is unstable
